[2026-06-10T11:10:48.041Z] GET https://plaurino-pla.github.io/bibs-crew-investor-site/ → pending (?ms, ?B)
[2026-06-10T11:10:48.251Z] GET https://cdnjs.cloudflare.com/ajax/libs/Chart.js/4.4.1/chart.umd.min.js → 200 (50ms, 60817B)
[2026-06-10T11:10:48.251Z] GET https://fonts.googleapis.com/css2?family=Fraunces:opsz,wght@9..144,400;9..144,600;9..144,700&family=Archivo:wght@400;500;600&family=JetBrains+Mono:wght@400;600&display=swap → 200 (115ms, 1442B)
[2026-06-10T11:10:48.394Z] GET https://fonts.gstatic.com/s/fraunces/v38/6NU78FyLNQOQZAnv9bYEvDiIdE9Ea92uemAk_WBq8U_9v0c2Wa0KxC9TeP2Xz5c.woff2 → 200 (121ms, 67544B)
[2026-06-10T11:10:48.394Z] GET https://fonts.gstatic.com/s/archivo/v25/k3kPo8UDI-1M0wlSV9XAw6lQkqWY8Q82sLydOxKsv4Rn.woff2 → 200 (117ms, 35491B)
[2026-06-10T11:10:48.394Z] GET https://fonts.gstatic.com/s/jetbrainsmono/v24/tDbv2o-flEEny0FZhsfKu5WU4zr3E_BX0PnT8RD8yKwBNntkaToggR7BYRbKPxDcwgknk-4.woff2 → 200 (117ms, 31467B)
[2026-06-10T11:14:17.946Z] GET https://remax.pt/pt/imoveis/venda-trespasse-toeiras-oeiras-e-sao-juliao-da-barra-paco-de-arcos-e-caxias/123441344-45 → 200 (107ms, 48094B)
[2026-06-10T11:14:18.060Z] GET https://static.proptexx.com/widget/loader.js?lang=pt&k=MjNkMmUwNTQtMWI1MC00ODdiLThmNTMtY2MxZjc1ZGNhNDEx → 200 (168ms, 3370B)
[2026-06-10T11:14:18.060Z] GET https://remax.pt/_next/static/css/bdd4eac59315a265.css → 200 (32ms, 26961B)
[2026-06-10T11:14:18.060Z] GET https://remax.pt/_next/static/chunks/webpack-e41e0980cf8a7b92.js → 200 (36ms, 3593B)
[2026-06-10T11:14:18.060Z] GET https://remax.pt/_next/static/chunks/framework-79bce4a3a540b080.js → 200 (61ms, 42496B)
[2026-06-10T11:14:18.060Z] GET https://remax.pt/_next/static/chunks/main-e057262dcf7c9c3b.js → 200 (62ms, 35550B)
[2026-06-10T11:14:18.061Z] GET https://remax.pt/_next/static/chunks/pages/_app-0a84f9834c9d0815.js → 200 (69ms, 481768B)
[2026-06-10T11:14:18.061Z] GET https://remax.pt/_next/static/chunks/1524-82a39ebfb7ff97c7.js → 200 (66ms, 7016B)
[2026-06-10T11:14:18.061Z] GET https://remax.pt/_next/static/chunks/7536-8699c7c76135c166.js → 200 (66ms, 8676B)
[2026-06-10T11:14:18.061Z] GET https://remax.pt/_next/static/chunks/9491-e57b2a7fddef19fd.js → 200 (66ms, 12848B)
[2026-06-10T11:14:18.061Z] GET https://remax.pt/_next/static/chunks/9834-92e926fb50ca4797.js → 200 (67ms, 8089B)
[2026-06-10T11:14:18.061Z] GET https://remax.pt/_next/static/chunks/7476-b941bb3a65344c2f.js → 200 (67ms, 7576B)
[2026-06-10T11:14:18.062Z] GET https://remax.pt/_next/static/chunks/7347-42b9fc6cbb4468cf.js → 200 (67ms, 12901B)
[2026-06-10T11:14:18.062Z] GET https://remax.pt/_next/static/chunks/5386-38f9f720f972faa7.js → 200 (67ms, 8266B)
[2026-06-10T11:14:18.062Z] GET https://remax.pt/_next/static/chunks/6620-4151c363c1882d85.js → 200 (67ms, 4376B)
[2026-06-10T11:14:18.062Z] GET https://remax.pt/_next/static/chunks/5726-9c1be4ab56abfc8a.js → 200 (67ms, 7843B)
[2026-06-10T11:14:18.062Z] GET https://remax.pt/_next/static/chunks/7223-c9197605ed3c23d4.js → 200 (68ms, 6921B)
[2026-06-10T11:14:18.062Z] GET https://remax.pt/_next/static/chunks/7133-2a19bc5ba65a7c7e.js → 200 (68ms, 17916B)
[2026-06-10T11:14:18.063Z] GET https://remax.pt/_next/static/chunks/pages/%5Blocale%5D/imoveis/%5B...slug%5D-b4fbef2553208ba2.js → 200 (67ms, 839B)
[2026-06-10T11:14:18.063Z] GET https://remax.pt/_next/static/H5868aZrSAjTkDUtHDSXt/_buildManifest.js → 200 (67ms, 6745B)
[2026-06-10T11:14:18.063Z] GET https://remax.pt/_next/static/H5868aZrSAjTkDUtHDSXt/_ssgManifest.js → 200 (67ms, 1507B)
[2026-06-10T11:14:18.064Z] GET https://www.googletagmanager.com/gtm.js?id=GTM-P3N6KG → 200 (225ms, 161132B)
[2026-06-10T11:14:18.120Z] GET https://remax.pt/_next/static/media/Urbanist-Bold.f4598731.ttf → 200 (40ms, 26331B)
[2026-06-10T11:14:18.121Z] GET https://remax.pt/_next/static/media/Urbanist-Medium.56146131.ttf → 200 (39ms, 26342B)
[2026-06-10T11:14:18.121Z] GET https://remax.pt/_next/static/media/Urbanist-Regular.92d02e45.ttf → 200 (39ms, 26308B)
[2026-06-10T11:14:18.121Z] GET https://remax.pt/_next/static/media/Urbanist-ExtraBold.1364d16e.ttf → 200 (39ms, 26294B)
[2026-06-10T11:14:18.209Z] GET https://remax.pt/_next/static/chunks/5486.548ad5a8c586143b.js → 200 (19ms, 716B)
[2026-06-10T11:14:18.210Z] GET https://remax.pt/_next/static/chunks/3268.dd58537c38bca229.js → 200 (21ms, 4337B)
[2026-06-10T11:14:18.210Z] GET https://remax.pt/_next/static/chunks/2320.131c4bc4599c6159.js → 200 (20ms, 1475B)
[2026-06-10T11:14:18.210Z] GET https://remax.pt/_next/static/chunks/6992.5b6ba0ac4a79038f.js → 200 (19ms, 4114B)
[2026-06-10T11:14:18.210Z] GET https://remax.pt/_next/static/chunks/7108-dfbd4eb3c8619adc.js → 200 (21ms, 10281B)
[2026-06-10T11:14:18.210Z] GET https://remax.pt/_next/static/chunks/2004-e7659f8f64213b24.js → 200 (21ms, 9836B)
[2026-06-10T11:14:18.210Z] GET https://remax.pt/_next/static/chunks/543.8533ffdaac607dd7.js → 200 (19ms, 2048B)
[2026-06-10T11:14:18.210Z] GET https://www.google.com/recaptcha/api.js?onload=onloadcallback&render=explicit → pending (?ms, ?B)
[2026-06-10T11:14:18.210Z] GET https://remax.pt/_next/static/chunks/7961.b6d3e07fecc134df.js → 200 (22ms, 1482B)
[2026-06-10T11:14:18.211Z] POST https://remax.pt/api/Listing/RegisterListingClick?listingId=123441344-45 → 200 (78ms, 231B)
[2026-06-10T11:14:18.222Z] GET https://remax.pt/_next/static/chunks/2466.caa42a2b67cde558.js → 200 (10ms, 892B)
[2026-06-10T11:14:18.222Z] GET https://i.maxwork.pt/l-feat/listings/12344/7080716/1b54dd11-d5f1-4062-868e-9f8a4a391184.jpg → 200 (86ms, 78282B)
[2026-06-10T11:14:18.222Z] GET https://i.maxwork.pt/ds-l/listings/12344/7080716/b9ad8b1b-6e98-4884-b2b3-4bacaba6e8d2.jpg → pending (?ms, ?B)
[2026-06-10T11:14:18.222Z] GET https://i.maxwork.pt/ds-l/listings/12344/7080716/fa604532-65d4-48a5-af8b-f462e4411b2d.jpg → 200 (86ms, 33598B)
[2026-06-10T11:14:18.222Z] GET https://i.maxwork.pt/ds-l/listings/12344/7080716/9cbf519c-eec6-4a40-b543-f9937edac3b4.jpg → 200 (74ms, 34685B)
[2026-06-10T11:14:18.222Z] GET https://i.maxwork.pt/ds-l/listings/12344/7080716/fbde00b0-f401-4c79-9ccd-562cdaf56e22.jpg → 200 (74ms, 29959B)
[2026-06-10T11:14:18.222Z] GET https://i.maxwork.pt/ds-l/listings/12344/7080716/c2ffdab5-5a24-4b87-9406-d0c5e7c1dd77.jpg → 200 (74ms, 35410B)
[2026-06-10T11:14:18.222Z] GET https://i.maxwork.pt/ds-l/listings/12344/7080716/108b83cf-c546-4bda-a575-da5762bb7c97.jpg → pending (?ms, ?B)
[2026-06-10T11:14:18.222Z] GET https://i.maxwork.pt/ds-l/listings/12344/7080716/a97dc66f-6fc2-4ce1-bbbc-5bb7c2f6c757.jpg → pending (?ms, ?B)
[2026-06-10T11:14:18.222Z] GET https://i.maxwork.pt/ds-l/listings/12344/7080716/99d40e2d-c557-46a2-b479-89645c44000e.jpg → pending (?ms, ?B)
[2026-06-10T11:14:18.222Z] GET https://i.maxwork.pt/ds-l/listings/12344/7080716/29e82c8b-0e3a-41f0-82d2-e7e5d39ba7a0.jpg → pending (?ms, ?B)
[2026-06-10T11:14:18.222Z] GET https://i.maxwork.pt/ds-l/listings/12344/7080716/0e6a55c8-72c2-4e67-94b5-cee013163e51.jpg → pending (?ms, ?B)
[2026-06-10T11:14:18.222Z] GET https://i.maxwork.pt/ds-l/listings/12344/7080716/8c8ca496-2f27-42d0-bdfd-ea067ec72b19.jpg → pending (?ms, ?B)
[2026-06-10T11:14:18.222Z] GET https://i.maxwork.pt/ds-l/listings/12344/7080716/c74a80a9-96fc-4700-888f-a7a280086434.jpg → pending (?ms, ?B)
[2026-06-10T11:14:18.222Z] GET https://i.maxwork.pt/ds-l/listings/12344/7080716/bec9aa9f-d7ed-4687-ab9d-99f9b09a0dee.jpg → pending (?ms, ?B)
[2026-06-10T11:14:18.222Z] GET https://i.maxwork.pt/ds-l/listings/12344/7080716/57d58d95-49fb-49e4-9d79-a09f6968c19f.jpg → pending (?ms, ?B)
[2026-06-10T11:14:18.222Z] GET https://i.maxwork.pt/ds-l/listings/12344/7080716/e077f57d-e0d1-4624-8b3c-32a9b4399c68.jpg → pending (?ms, ?B)
[2026-06-10T11:14:18.222Z] GET https://i.maxwork.pt/ds-l/listings/12344/7080716/136625fb-3930-4fda-b4f3-5da2acd9abfc.jpg → pending (?ms, ?B)
[2026-06-10T11:14:18.222Z] GET https://i.maxwork.pt/ds-l/listings/12344/7080716/a7fdff7a-9e1e-40b8-95cd-90ad02673ec5.jpg → pending (?ms, ?B)
[2026-06-10T11:14:18.223Z] GET https://i.maxwork.pt/ds-l/listings/12344/7080716/1b1484c6-4b6d-40f8-aaf2-8caeb5aded63.jpg → pending (?ms, ?B)
[2026-06-10T11:14:18.223Z] GET https://i.maxwork.pt/ds-l/listings/12344/7080716/4957746a-c1fe-4afb-a1a6-737fa107dd84.jpg → pending (?ms, ?B)
[2026-06-10T11:14:18.223Z] GET https://i.maxwork.pt/ds-l/listings/12344/7080716/66f14c37-1d54-44a9-a8dc-f38fa92da648.jpg → pending (?ms, ?B)
[2026-06-10T11:14:18.223Z] GET https://i.maxwork.pt/ds-l/listings/12344/7080716/27edc375-0313-4722-a77c-af74cfb7c272.jpg → pending (?ms, ?B)
[2026-06-10T11:14:18.223Z] GET https://i.maxwork.pt/ds-l/listings/12344/7080716/a99758b0-7e05-4972-ba71-cef3792bbbcd.jpg → pending (?ms, ?B)
[2026-06-10T11:14:18.223Z] GET https://i.maxwork.pt/ds-l/listings/12344/7080716/b29fcbb3-2860-4595-8cc2-4082ab44d3c9.jpg → pending (?ms, ?B)
[2026-06-10T11:14:18.223Z] GET https://i.maxwork.pt/ds-l/listings/12344/7080716/d6ee9692-c795-4dd2-90f3-d53857e9b955.jpg → pending (?ms, ?B)
[2026-06-10T11:14:18.223Z] GET https://i.maxwork.pt/ds-l/listings/12344/7080716/5c681ee0-dd0f-480a-a410-3ba5abcb7ed0.jpg → pending (?ms, ?B)
[2026-06-10T11:14:18.223Z] GET https://i.maxwork.pt/ds-l/listings/12344/7080716/26200140-9ccb-4d2e-9760-f23ee9f484fa.jpg → pending (?ms, ?B)
[2026-06-10T11:14:18.223Z] GET https://i.maxwork.pt/ds-l/listings/12344/7080716/960bec80-5a76-4f81-8966-656b91bae9b1.jpg → pending (?ms, ?B)
[2026-06-10T11:14:18.223Z] GET https://i.maxwork.pt/ds-l/listings/12344/7080716/8a9cf508-305e-403a-9dbe-27b7150ecb58.jpg → pending (?ms, ?B)
[2026-06-10T11:14:18.223Z] GET https://i.maxwork.pt/ds-l/listings/12344/7080716/f69c715d-6ad4-4cca-869f-adf6dac23bdf.jpg → pending (?ms, ?B)
[2026-06-10T11:14:18.223Z] GET https://i.maxwork.pt/ds-l/listings/12344/7080716/f7add5fc-7d1a-4e6f-b9bf-c815fb2aa8ac.jpg → pending (?ms, ?B)
[2026-06-10T11:14:18.223Z] GET https://i.maxwork.pt/bb/publicsite/images/eficiencia-energetica/PT/C.png → pending (?ms, ?B)
[2026-06-10T11:14:18.223Z] GET https://i.maxwork.pt/bb/listings_map/12344/123441344-45/38695022_-9292676_public_static_map.png → pending (?ms, ?B)
[2026-06-10T11:14:18.223Z] GET https://i.maxwork.pt/q-l/users/b22f31de-3497-47e9-b052-baa49db56ebd.jpg → pending (?ms, ?B)
[2026-06-10T11:14:18.223Z] GET https://remax.pt/_next/static/media/logo-remaxpt.2231d959.svg → 200 (12ms, 5364B)
[2026-06-10T11:14:18.223Z] GET https://i.maxwork.pt/bb/publicsite/images/app_icons/AppStore/black_pt.png → pending (?ms, ?B)
[2026-06-10T11:14:18.223Z] GET https://i.maxwork.pt/bb/publicsite/images/app_icons/GooglePlay/black_pt.png → pending (?ms, ?B)
[2026-06-10T11:14:18.223Z] GET https://i.maxwork.pt/a-xs/users/b22f31de-3497-47e9-b052-baa49db56ebd.jpg → 200 (73ms, 5048B)
[2026-06-10T11:14:18.227Z] GET https://remax.pt/_next/data/H5868aZrSAjTkDUtHDSXt/pt/imoveis/venda-trespasse-toeiras-oeiras-e-sao-juliao-da-barra-paco-de-arcos-e-caxias/123441344-45.json?locale=pt&slug=venda-trespasse-toeiras-oeiras-e-sao-juliao-da-barra-paco-de-arcos-e-caxias&slug=123441344-45 → 200 (82ms, 28700B)
[2026-06-10T11:14:18.229Z] GET https://i.maxwork.pt/l-feat/listings/12344/7080716/b9ad8b1b-6e98-4884-b2b3-4bacaba6e8d2.jpg → pending (?ms, ?B)
[2026-06-10T11:14:18.229Z] GET https://i.maxwork.pt/l-feat/listings/12344/7080716/fa604532-65d4-48a5-af8b-f462e4411b2d.jpg → pending (?ms, ?B)
[2026-06-10T11:14:18.229Z] GET https://i.maxwork.pt/l-feat/listings/12344/7080716/9cbf519c-eec6-4a40-b543-f9937edac3b4.jpg → pending (?ms, ?B)
[2026-06-10T11:14:18.229Z] GET https://i.maxwork.pt/l-feat/listings/12344/7080716/fbde00b0-f401-4c79-9ccd-562cdaf56e22.jpg → pending (?ms, ?B)
[2026-06-10T11:14:18.231Z] GET https://remax.pt/_next/data/H5868aZrSAjTkDUtHDSXt/pt/agente/sonia-tomaz/123441344.json?locale=pt&slug=sonia-tomaz&slug=123441344 → 200 (82ms, ?B)
[2026-06-10T11:14:18.231Z] GET https://remax.pt/_next/data/H5868aZrSAjTkDUtHDSXt/pt/agencia/remax-yes/12344.json?locale=pt&slug=remax-yes&slug=12344 → 200 (95ms, ?B)
[2026-06-10T11:14:18.233Z] GET https://remax.pt/_next/data/H5868aZrSAjTkDUtHDSXt/pt/comprar/imoveis/trespasse/lisboa/oeiras/r/t.json?s=%7B%7D&p=1&o=-PublishDate&locale=pt&slug=imoveis&slug=trespasse&slug=lisboa&slug=oeiras&slug=r&slug=t → pending (?ms, ?B)
[2026-06-10T11:14:18.244Z] GET https://remax.pt/api/MyProfile/IsSignedIn?date=1781090058221 → 200 (67ms, 508B)
[2026-06-10T11:14:18.244Z] GET https://remax.pt/api/Reference/CountryCodes → pending (?ms, ?B)
[2026-06-10T11:14:18.244Z] GET https://remax.pt/api/CreditSimulation/GetInterestRates → 200 (45ms, 398B)
[2026-06-10T11:14:18.246Z] GET https://static.proptexx.com/widget/v2.1/web-component-latest.js?time=1781090058245 → pending (?ms, ?B)
[2026-06-10T11:14:18.307Z] GET https://consent.cookiebot.com/uc.js?cbid=048aad39-9eea-41ac-bd10-2e09000a020e&implementation=gtm&consentmode-dataredaction=dynamic → pending (?ms, ?B)
[2026-06-10T11:14:18.307Z] GET https://www.googletagmanager.com/gtag/js?id=DC-8730663&cx=c&gtm=4e6690h2 → pending (?ms, ?B)
[2026-06-10T11:14:18.308Z] GET https://www.googletagmanager.com/gtag/js?id=AW-755679668&cx=c&gtm=4e6690h2 → pending (?ms, ?B)
[2026-06-10T11:14:18.308Z] GET https://www.googletagmanager.com/gtag/js?id=G-HCKRM5BB6C&cx=c&gtm=4e6690h2 → pending (?ms, ?B)
[2026-06-10T11:14:18.308Z] GET https://www.clarity.ms/tag/vt3pmemklv?ref=gtm → pending (?ms, ?B)
[2026-06-10T11:14:18.308Z] POST https://pagead2.googlesyndication.com/ccm/collect?rcb=18&frm=0&ae=g&en=page_view&dl=https%3A%2F%2Fremax.pt%2Fpt%2Fimoveis%2Fvenda-trespasse-toeiras-oeiras-e-sao-juliao-da-barra-paco-de-arcos-e-caxias%2F123441344-45&scrsrc=www.googletagmanager.com&rnd=369305335.1781090058&navt=n&npa=1&ep.ads_data_redaction=1&gdid=dMWZhNz&_tu=CA&gtm=45He6690h2v71592512za200zd71592512xea&gcs=G100&gcd=13p3p3p2p5l1&dma_cps=-&dma=1&tag_exp=0~115938466~115938469&apve=1&apvf=f&apvc=1&tft=1781090058306&tfd=363 → pending (?ms, ?B)
[2026-06-10T11:14:18.308Z] GET https://www.googletagmanager.com/a?id=GTM-P3N6KG&v=3&t=t&pid=1730208807&gtm=45He6690h2v71592512za200zd71592512&cv=29&rv=6690&tc=20&x=2&tag_exp=0~115938466~115938469&es=1&e=gtag.config&eid=2&u=AAAAAIAAAAAAAACA&ut=AgAI&h=Ag&tr=1gclidw.1googtag.1googtag&ti=1gclidw.2googtag.2googtag&z=0 → pending (?ms, ?B)
[2026-06-10T11:14:18.308Z] GET https://www.googletagmanager.com/a?id=GTM-P3N6KG&v=3&t=t&pid=1730208807&gtm=45He6690h2v71592512za200zd71592512&cv=29&rv=6690&tc=20&x=2&tag_exp=0~115938466~115938469&es=1&e=gtag.config&eid=3&u=AAAAAIAAAAAAAACA&ut=AgAI&h=Ag&tr=1googtag.1cvt.1tg.1tg.1tg&ti=2googtag.2cvt.2tg.2tg.2tg&z=0 → pending (?ms, ?B)
[2026-06-10T11:14:18.308Z] GET https://www.googletagmanager.com/a?id=GTM-P3N6KG&v=3&t=t&pid=1730208807&gtm=45He6690h2v71592512za200zd71592512&cv=29&rv=6690&tc=20&x=2&tag_exp=0~115938466~115938469&es=1&e=*&eid=4&u=AAAAAIAIAAAAAACI&ut=AgAI&h=Ag&tr=1gaawe&ti=2gaawe&z=0 → pending (?ms, ?B)
[2026-06-10T11:14:18.308Z] GET https://www.googletagmanager.com/a?id=GTM-P3N6KG&v=3&t=t&pid=1730208807&gtm=45He6690h2v71592512za200zd71592512&cv=29&rv=6690&tc=20&x=2&tag_exp=0~115938466~115938469&es=1&e=gtm.dom&eid=5&u=AAAAAIAIAAAAAACI&ut=AgAI&h=Ag&z=0 → pending (?ms, ?B)
[2026-06-10T11:14:18.309Z] GET https://www.googletagmanager.com/a?id=GTM-P3N6KG&v=3&t=t&pid=1730208807&gtm=45He6690h2v71592512za200zd71592512&cv=29&rv=6690&tc=20&x=2&tag_exp=0~115938466~115938469&e=gtag.config&eid=2&u=AAAAAIAIAAAAAACI&ut=AgAI&h=Ag&tr=5gclidw.5googtag.5googtag&ti=1gclidw.2googtag.2googtag&z=0 → pending (?ms, ?B)
[2026-06-10T11:14:18.342Z] HEAD https://remax.pt/_next/data/H5868aZrSAjTkDUtHDSXt/pt/imoveis/venda-trespasse-toeiras-oeiras-e-sao-juliao-da-barra-paco-de-arcos-e-caxias/123441344-45.json?locale=pt&slug=venda-trespasse-toeiras-oeiras-e-sao-juliao-da-barra-paco-de-arcos-e-caxias&slug=123441344-45 → 200 (23ms, ?B)
[2026-06-10T11:14:18.343Z] GET https://remax.pt/api/MyProfile/IsSignedIn?date=1781090058335 → 200 (100ms, 304B)
[2026-06-10T11:14:18.343Z] GET https://remax.pt/api/MyProfile/IsSignedIn?date=1781090058335 → 200 (45ms, 300B)
[2026-06-10T11:14:18.357Z] GET https://remax.pt/_next/data/H5868aZrSAjTkDUtHDSXt/pt.json?locale=pt → 200 (89ms, 107914B)
[2026-06-10T11:14:18.357Z] GET https://remax.pt/_next/data/H5868aZrSAjTkDUtHDSXt/pt/recrutamento.json?locale=pt → 200 (62ms, 11859B)
[2026-06-10T11:14:18.357Z] GET https://remax.pt/_next/data/H5868aZrSAjTkDUtHDSXt/pt/comprar-empreendimentos.json?locale=pt → 200 (46ms, 20474B)
[2026-06-10T11:14:18.357Z] GET https://remax.pt/_next/data/H5868aZrSAjTkDUtHDSXt/pt/comprar/imoveis/habitacao/r/r/r/t.json?locale=pt&slug=imoveis&slug=habitacao&slug=r&slug=r&slug=r&slug=t → 200 (44ms, 22904B)
[2026-06-10T11:14:18.358Z] GET https://remax.pt/_next/data/H5868aZrSAjTkDUtHDSXt/pt/quantovaleasuacasa.json?locale=pt → 404 (38ms, 424B)
[2026-06-10T11:14:18.359Z] GET https://remax.pt/_next/static/chunks/7108-dfbd4eb3c8619adc.js → 200 (1ms, -868B)
[2026-06-10T11:14:18.359Z] GET https://remax.pt/_next/static/chunks/2004-e7659f8f64213b24.js → 200 (2ms, -870B)
[2026-06-10T11:14:18.359Z] GET https://remax.pt/_next/static/chunks/7342-b2140d69e3dc9367.js → 200 (37ms, 3044B)
[2026-06-10T11:14:18.360Z] GET https://remax.pt/_next/static/chunks/1849-d7e6ab50d1961f73.js → 200 (33ms, 2644B)
[2026-06-10T11:14:18.360Z] GET https://remax.pt/_next/static/chunks/2714-6b5b4d441f70c927.js → 200 (34ms, 24115B)
[2026-06-10T11:14:18.360Z] GET https://remax.pt/_next/static/chunks/3192-2a209ccb5380ce8c.js → 200 (34ms, 7204B)
[2026-06-10T11:14:18.360Z] GET https://remax.pt/_next/static/chunks/pages/%5Blocale%5D/agencia/%5B...slug%5D-b8fdf4b48a6d83fc.js → 200 (33ms, 1110B)
[2026-06-10T11:14:18.360Z] GET https://remax.pt/_next/static/chunks/1484-69d722ca1156a0cb.js → 200 (34ms, 5164B)
[2026-06-10T11:14:18.360Z] GET https://remax.pt/_next/static/chunks/pages/%5Blocale%5D/agente/%5B...slug%5D-3daa59f1f38d87b2.js → 200 (29ms, 951B)
[2026-06-10T11:14:18.360Z] GET https://remax.pt/_next/data/H5868aZrSAjTkDUtHDSXt/pt/perfil/login.json?locale=pt → 200 (42ms, 16248B)
[2026-06-10T11:14:18.361Z] GET https://remax.pt/_next/static/chunks/2607-a08fd4701dce8816.js → 200 (32ms, 4612B)
[2026-06-10T11:14:18.361Z] GET https://remax.pt/_next/static/chunks/9919-7895ca9f6802fc3f.js → 200 (34ms, 6162B)
[2026-06-10T11:14:18.361Z] GET https://remax.pt/_next/static/chunks/5927-59c60e3a93dc7af6.js → 200 (35ms, 3251B)
[2026-06-10T11:14:18.361Z] GET https://remax.pt/_next/static/chunks/4815-13e1008368c780e9.js → 200 (33ms, 9319B)
[2026-06-10T11:14:18.361Z] GET https://remax.pt/_next/static/chunks/9109-b5f2cb82641f7f39.js → 200 (34ms, 5419B)
[2026-06-10T11:14:18.361Z] GET https://remax.pt/_next/static/chunks/9839-23cbefba59797fee.js → 200 (33ms, 5496B)
[2026-06-10T11:14:18.361Z] GET https://remax.pt/_next/static/chunks/4392-198f1adaa58feab3.js → 200 (34ms, 3778B)
[2026-06-10T11:14:18.361Z] GET https://remax.pt/_next/static/chunks/3276-b939c3262f58a92e.js → 200 (35ms, 2954B)
[2026-06-10T11:14:18.361Z] GET https://remax.pt/_next/static/chunks/3819-5b5b091979bf324a.js → 200 (33ms, 3176B)
[2026-06-10T11:14:18.361Z] GET https://remax.pt/_next/static/chunks/2984-41fac347251833ea.js → 200 (34ms, 13840B)
[2026-06-10T11:14:18.361Z] GET https://remax.pt/_next/static/chunks/1341-bcd3007b7722d2d4.js → 200 (34ms, 2564B)
[2026-06-10T11:14:18.361Z] GET https://remax.pt/_next/static/chunks/2801-3f6f7f3d65e2f5ae.js → 200 (34ms, 14568B)
[2026-06-10T11:14:18.361Z] GET https://remax.pt/_next/static/chunks/pages/%5Blocale%5D/comprar/%5B...slug%5D-9895ee620ca19036.js → 200 (34ms, 880B)
[2026-06-10T11:14:18.361Z] GET https://www.gstatic.com/recaptcha/releases/ne1iDVwClkE7nKD3uA9Vqsvl/recaptcha__en.js → 200 (154ms, 383902B)
[2026-06-10T11:14:18.379Z] POST https://pagead2.googlesyndication.com/ccm/collect?rcb=5&frm=0&en=page_view&dl=https%3A%2F%2Fremax.pt%2Fpt%2Fimoveis%2Fvenda-trespasse-toeiras-oeiras-e-sao-juliao-da-barra-paco-de-arcos-e-caxias%2F123441344-45&scrsrc=www.googletagmanager.com&rnd=369305335.1781090058&navt=n&npa=1&did=dMWZhNz&gdid=dMWZhNz&_tu=CA&gtm=45be6690h2v9204550215z871592512za20gzb71592512zd71592512xec&gcs=G100&gcd=13p3p3p2p5l1&dma_cps=-&dma=1&tag_exp=0~115938466~115938469&apve=1&apvf=f&apvc=0&tids=AW-755679668&tid=AW-755679668&tft=1781090058378&tfd=435 → 200 (64ms, ?B)
[2026-06-10T11:14:18.396Z] GET https://remax.pt/_next/data/H5868aZrSAjTkDUtHDSXt/pt/quantovaleasuacasa.json → 404 (50ms, 406B)
[2026-06-10T11:14:18.396Z] GET https://remax.pt/_next/static/chunks/3052-2477c7dda028d6ad.js → 200 (23ms, 435863B)
[2026-06-10T11:14:18.397Z] GET https://remax.pt/_next/static/chunks/pages/%5Blocale%5D/quantovaleasuacasa-4ec3b8c1f443813d.js → 200 (19ms, 952B)
[2026-06-10T11:14:18.400Z] GET https://consentcdn.cookiebot.com/sdk/bc-v4.min.html → 200 (80ms, 811B)
[2026-06-10T11:14:18.400Z] GET https://consentcdn.cookiebot.com/consentconfig/048aad39-9eea-41ac-bd10-2e09000a020e/settings.json → 200 (97ms, 938B)
[2026-06-10T11:14:18.400Z] GET https://consent.cookiebot.com/048aad39-9eea-41ac-bd10-2e09000a020e/cc.js?renew=false&referer=remax.pt&dnt=false&init=false → 200 (152ms, 248446B)
[2026-06-10T11:14:18.403Z] GET https://remax.pt/_next/static/chunks/6197-7cf3d2c127d2e227.js → 200 (43ms, 4070B)
[2026-06-10T11:14:18.403Z] GET https://remax.pt/_next/static/chunks/pages/%5Blocale%5D/perfil/login-66dfd2bcd682732c.js → 200 (44ms, 740B)
[2026-06-10T11:14:18.404Z] GET https://remax.pt/_next/static/chunks/7108-dfbd4eb3c8619adc.js → 200 (2ms, -868B)
[2026-06-10T11:14:18.404Z] GET https://remax.pt/_next/static/chunks/2004-e7659f8f64213b24.js → 200 (3ms, -870B)
[2026-06-10T11:14:18.404Z] GET https://remax.pt/_next/static/chunks/7342-b2140d69e3dc9367.js → 200 (2ms, -876B)
[2026-06-10T11:14:18.404Z] GET https://remax.pt/_next/static/chunks/2714-6b5b4d441f70c927.js → 200 (6ms, -869B)
[2026-06-10T11:14:18.404Z] GET https://remax.pt/_next/static/chunks/1484-69d722ca1156a0cb.js → 200 (4ms, -868B)
[2026-06-10T11:14:18.404Z] GET https://remax.pt/_next/static/chunks/pages/%5Blocale%5D/agente/%5B...slug%5D-3daa59f1f38d87b2.js → 200 (4ms, -873B)
[2026-06-10T11:14:18.404Z] GET https://remax.pt/_next/static/chunks/1849-d7e6ab50d1961f73.js → 200 (4ms, -868B)
[2026-06-10T11:14:18.405Z] GET https://remax.pt/_next/static/chunks/3192-2a209ccb5380ce8c.js → 200 (5ms, -862B)
[2026-06-10T11:14:18.405Z] GET https://remax.pt/_next/static/chunks/pages/%5Blocale%5D/agencia/%5B...slug%5D-b8fdf4b48a6d83fc.js → 200 (5ms, -871B)
[2026-06-10T11:14:18.405Z] GET https://remax.pt/_next/static/chunks/2607-a08fd4701dce8816.js → 200 (9ms, -868B)
[2026-06-10T11:14:18.405Z] GET https://remax.pt/_next/static/chunks/9919-7895ca9f6802fc3f.js → 200 (10ms, -872B)
[2026-06-10T11:14:18.405Z] GET https://remax.pt/_next/static/chunks/5927-59c60e3a93dc7af6.js → 200 (10ms, -866B)
[2026-06-10T11:14:18.405Z] GET https://remax.pt/_next/static/chunks/4815-13e1008368c780e9.js → 200 (10ms, -872B)
[2026-06-10T11:14:18.405Z] GET https://remax.pt/_next/static/chunks/9109-b5f2cb82641f7f39.js → 200 (11ms, -868B)
[2026-06-10T11:14:18.405Z] GET https://remax.pt/_next/static/chunks/9839-23cbefba59797fee.js → 200 (11ms, -871B)
[2026-06-10T11:14:18.405Z] GET https://remax.pt/_next/static/chunks/4392-198f1adaa58feab3.js → 200 (12ms, -872B)
[2026-06-10T11:14:18.405Z] GET https://remax.pt/_next/static/chunks/3276-b939c3262f58a92e.js → 200 (12ms, -866B)
[2026-06-10T11:14:18.405Z] GET https://remax.pt/_next/static/chunks/3819-5b5b091979bf324a.js → 200 (12ms, -874B)
[2026-06-10T11:14:18.405Z] GET https://remax.pt/_next/static/chunks/2984-41fac347251833ea.js → 200 (12ms, -868B)
[2026-06-10T11:14:18.406Z] GET https://remax.pt/_next/static/chunks/1341-bcd3007b7722d2d4.js → 200 (11ms, -862B)
[2026-06-10T11:14:18.406Z] GET https://remax.pt/_next/static/chunks/2801-3f6f7f3d65e2f5ae.js → 200 (12ms, -864B)
[2026-06-10T11:14:18.406Z] GET https://remax.pt/_next/static/chunks/pages/%5Blocale%5D/comprar/%5B...slug%5D-9895ee620ca19036.js → 200 (11ms, -869B)
[2026-06-10T11:14:18.414Z] GET https://remax.pt/_next/static/chunks/2610-80f9eb40b3231c3a.js → 200 (33ms, 7358B)
[2026-06-10T11:14:18.414Z] GET https://remax.pt/_next/static/chunks/pages/%5Blocale%5D/comprar-empreendimentos-36d4f92d2372c368.js → 200 (34ms, 754B)
[2026-06-10T11:14:18.419Z] GET https://remax.pt/_next/static/chunks/c7773329-367467296fef96b2.js → 200 (29ms, 812B)
[2026-06-10T11:14:18.419Z] GET https://remax.pt/_next/static/chunks/8570-62a0820306e6476b.js → 200 (29ms, 19824B)
[2026-06-10T11:14:18.419Z] GET https://remax.pt/_next/static/chunks/8373-0a99c4e051737197.js → 200 (29ms, 4537B)
[2026-06-10T11:14:18.419Z] GET https://remax.pt/_next/static/chunks/1746-67fe9540ad28cab9.js → 200 (28ms, 12832B)
[2026-06-10T11:14:18.419Z] GET https://remax.pt/_next/static/chunks/pages/%5Blocale%5D/recrutamento-9c29ad2cf135d76b.js → 200 (29ms, 641B)
[2026-06-10T11:14:18.443Z] POST https://region1.google-analytics.com/g/collect?v=2&tid=G-HCKRM5BB6C&gtm=45je6690h2v881373900z871592512za20gzb71592512zd71592512&_p=1781090058060&gcs=G100&gcd=13p3p3p2p5l1&npa=1&dma_cps=-&dma=1&gdid=dMWZhNz&_eu=AAAAAGAC&are=1&cid=677295426.1781090058&frm=0&pscdl=denied&rcb=7&sr=1280x720&uaa=arm&uab=64&uafvl=Not%253AA-Brand%3B99.0.0.0%7CHeadlessChrome%3B145.0.7632.6%7CChromium%3B145.0.7632.6&uam=&uamb=0&uap=macOS&uapv=15.6.1&uaw=0&ul=en-us&gaf=2&_s=1&tag_exp=0~115938466~115938468&sid=1781090058&sct=1&seg=0&dl=https%3A%2F%2Fremax.pt%2Fpt%2Fimoveis%2Fvenda-trespasse-toeiras-oeiras-e-sao-juliao-da-barra-paco-de-arcos-e-caxias%2F123441344-45&dt=Trespasse%20%C3%A0%20venda%20em%20Oeiras%20e%20S%C3%A3o%20Juli%C3%A3o%20da%20Barra%2C%20Pa%C3%A7o%20de%20Arcos%20e%20Caxias%2C%20Oeiras%20%7C%20RE%2FMAX%20Portugal&_tu=CA&en=page_view&_fv=1&_nsi=1&_ss=1&tfd=484 → 204 (150ms, ?B)
[2026-06-10T11:14:18.445Z] POST https://region1.google-analytics.com/g/collect?v=2&tid=G-HCKRM5BB6C&gtm=45je6690h2v881373900z871592512za20gzb71592512zd71592512&_p=1781090058060&gcs=G100&gcd=13p3p3p2p5l1&npa=1&dma_cps=-&dma=1&gdid=dMWZhNz&_eu=AAAAAGAC&are=1&cid=677295426.1781090058&frm=0&pscdl=denied&rcb=7&sr=1280x720&uaa=arm&uab=64&uafvl=Not%253AA-Brand%3B99.0.0.0%7CHeadlessChrome%3B145.0.7632.6%7CChromium%3B145.0.7632.6&uam=&uamb=0&uap=macOS&uapv=15.6.1&uaw=0&ul=en-us&gaf=2&_s=2&tag_exp=0~115938466~115938468&sid=1781090058&sct=1&seg=0&dl=https%3A%2F%2Fremax.pt%2Fpt%2Fimoveis%2Fvenda-trespasse-toeiras-oeiras-e-sao-juliao-da-barra-paco-de-arcos-e-caxias%2F123441344-45&dt=Trespasse%20%C3%A0%20venda%20em%20Oeiras%20e%20S%C3%A3o%20Juli%C3%A3o%20da%20Barra%2C%20Pa%C3%A7o%20de%20Arcos%20e%20Caxias%2C%20Oeiras%20%7C%20RE%2FMAX%20Portugal&_tu=CA&en=PageOpened&ep.event_label=12344%7C%7C123441344-45&ep.event_category=Office%7C%7CListing&_et=14&tfd=501 → 204 (148ms, ?B)
[2026-06-10T11:14:18.451Z] GET https://remax.pt/_next/static/chunks/6751-258ca5b85829cf47.js → 200 (22ms, 14986B)
[2026-06-10T11:14:18.451Z] GET https://remax.pt/_next/static/chunks/pages/%5Blocale%5D-6f36e6700f7c5705.js → 200 (22ms, 738B)
[2026-06-10T11:14:18.461Z] POST https://pagead2.googlesyndication.com/ccm/collect?rcb=18&frm=0&en=page_view&dl=https%3A%2F%2Fremax.pt%2Fpt%2Fimoveis%2Fvenda-trespasse-toeiras-oeiras-e-sao-juliao-da-barra-paco-de-arcos-e-caxias%2F123441344-45&scrsrc=www.googletagmanager.com&rnd=369305335.1781090058&navt=n&npa=1&us_privacy=1YNY&gdid=dMWZhNz&_tu=CA&gtm=45fe6690h2v9190287911z871592512za20gzb71592512zd71592512xec&gcs=G100&gcd=13p3p3p2p5l1&dma_cps=-&dma=1&tag_exp=0~115616985~115938466~115938468&apve=1&apvf=f&apvc=0&tids=DC-8730663&tid=DC-8730663&tft=1781090058460&tfd=517 → 200 (39ms, ?B)
[2026-06-10T11:14:18.463Z] GET https://remax.pt/_next/static/chunks/3052-2477c7dda028d6ad.js → 200 (12ms, -868B)
[2026-06-10T11:14:18.464Z] GET https://remax.pt/_next/static/chunks/pages/%5Blocale%5D/quantovaleasuacasa-4ec3b8c1f443813d.js → 200 (1ms, -841B)
[2026-06-10T11:14:18.464Z] GET https://remax.pt/_next/static/chunks/6197-7cf3d2c127d2e227.js → 200 (2ms, -868B)
[2026-06-10T11:14:18.464Z] GET https://remax.pt/_next/static/chunks/pages/%5Blocale%5D/perfil/login-66dfd2bcd682732c.js → 200 (2ms, -847B)
[2026-06-10T11:14:18.464Z] GET https://remax.pt/_next/static/chunks/2610-80f9eb40b3231c3a.js → 200 (8ms, -872B)
[2026-06-10T11:14:18.464Z] GET https://remax.pt/_next/static/chunks/pages/%5Blocale%5D/comprar-empreendimentos-36d4f92d2372c368.js → 200 (8ms, -851B)
[2026-06-10T11:14:18.464Z] GET https://remax.pt/_next/static/chunks/c7773329-367467296fef96b2.js → 200 (8ms, -849B)
[2026-06-10T11:14:18.464Z] GET https://remax.pt/_next/static/chunks/8570-62a0820306e6476b.js → 200 (9ms, -863B)
[2026-06-10T11:14:18.465Z] GET https://remax.pt/_next/static/chunks/8373-0a99c4e051737197.js → 200 (7ms, -876B)
[2026-06-10T11:14:18.465Z] GET https://remax.pt/_next/static/chunks/1746-67fe9540ad28cab9.js → 200 (8ms, -869B)
[2026-06-10T11:14:18.465Z] GET https://remax.pt/_next/static/chunks/pages/%5Blocale%5D/recrutamento-9c29ad2cf135d76b.js → 200 (8ms, -849B)
[2026-06-10T11:14:18.465Z] GET https://remax.pt/_next/static/css/bf62bb0a9868ff23.css → 200 (35ms, 4122B)
[2026-06-10T11:14:18.474Z] GET https://scripts.clarity.ms/0.8.65/clarity.js → 200 (189ms, 25726B)
[2026-06-10T11:14:18.502Z] GET https://remax.pt/_next/static/chunks/6751-258ca5b85829cf47.js → 200 (1ms, -872B)
[2026-06-10T11:14:18.502Z] GET https://remax.pt/_next/static/chunks/pages/%5Blocale%5D-6f36e6700f7c5705.js → 200 (1ms, -847B)
[2026-06-10T11:14:18.502Z] GET https://remax.pt/_next/static/css/4df78f2cd73d6b26.css → 200 (50ms, 1402B)
[2026-06-10T11:14:18.551Z] GET https://www.google.com/recaptcha/api2/anchor?ar=1&k=6Lc6UMYZAAAAAEqzsLtFKj45vplVp810lQfJp-g5&co=aHR0cHM6Ly9yZW1heC5wdDo0NDM.&hl=pt-pt&type=image&v=ne1iDVwClkE7nKD3uA9Vqsvl&theme=light&size=invisible&badge=bottomright&anchor-ms=20000&execute-ms=30000&cb=3rtq9eyjbzc → 200 (53ms, 28988B)
[2026-06-10T11:14:18.608Z] GET https://www.gstatic.com/recaptcha/releases/ne1iDVwClkE7nKD3uA9Vqsvl/styles__ltr.css → 200 (95ms, 42383B)
[2026-06-10T11:14:18.608Z] GET https://www.gstatic.com/recaptcha/releases/ne1iDVwClkE7nKD3uA9Vqsvl/recaptcha__pt_pt.js → 200 (198ms, 384507B)
[2026-06-10T11:14:18.783Z] POST https://b.clarity.ms/collect → pending (?ms, ?B)
[2026-06-10T11:14:18.842Z] GET https://www.google.com/recaptcha/api2/webworker.js?hl=pt-PT&v=ne1iDVwClkE7nKD3uA9Vqsvl → 200 (44ms, ?B)
[2026-06-10T11:14:18.847Z] GET https://www.gstatic.com/recaptcha/api2/logo_48.png → 200 (16ms, 2252B)
[2026-06-10T11:14:18.847Z] GET https://fonts.gstatic.com/s/roboto/v48/KFO7CnqEu92Fr1ME7kSn66aGLdTylUAMa3yUBHMdazQ.woff2 → 200 (23ms, 34805B)
[2026-06-10T11:14:18.873Z] POST https://auth.proptexx.com/_auth → 200 (305ms, 1875B)
[2026-06-10T11:14:18.887Z] GET https://www.gstatic.com/recaptcha/releases/ne1iDVwClkE7nKD3uA9Vqsvl/recaptcha__pt_pt.js → 200 (44ms, -889B)
[2026-06-10T11:14:19.020Z] GET https://www.google.com/recaptcha/api2/bframe?hl=pt-PT&v=ne1iDVwClkE7nKD3uA9Vqsvl&k=6Lc6UMYZAAAAAEqzsLtFKj45vplVp810lQfJp-g5&bft=0dAFcWeA5Rtq7TkYVby47NQlWGOxhpbp5uqxIGepGWaLN7QYQU6sVZ4wRXvDleuudQYtNMCMCUCT8ScVW8KFoNwK-5cm58OYzBFg → 200 (53ms, 2264B)
[2026-06-10T11:14:19.075Z] GET https://www.gstatic.com/recaptcha/releases/ne1iDVwClkE7nKD3uA9Vqsvl/styles__ltr.css → 200 (?ms, -849B)
[2026-06-10T11:14:19.075Z] GET https://www.gstatic.com/recaptcha/releases/ne1iDVwClkE7nKD3uA9Vqsvl/recaptcha__pt_pt.js → 200 (?ms, -889B)
[2026-06-10T11:14:19.121Z] GET https://fonts.gstatic.com/s/roboto/v48/KFO7CnqEu92Fr1ME7kSn66aGLdTylUAMa3yUBHMdazQ.woff2 → 200 (?ms, -815B)
[2026-06-10T11:14:19.151Z] POST https://www.google.com/recaptcha/api2/reload?k=6Lc6UMYZAAAAAEqzsLtFKj45vplVp810lQfJp-g5 → 200 (163ms, 3778B)
[2026-06-10T11:14:19.196Z] GET https://static.proptexx.com/widget/v2.1/locales/pt.json → 200 (56ms, 25089B)
[2026-06-10T11:14:19.196Z] GET https://static.proptexx.com/widget/v2.1/web-component-latest.css?now=1781090059195 → 200 (133ms, ?B)
[2026-06-10T11:14:19.314Z] GET https://www.gstatic.com/recaptcha/api2/refresh_2x.png → 200 (19ms, 624B)
[2026-06-10T11:14:19.314Z] GET https://www.gstatic.com/recaptcha/api2/audio_2x.png → 200 (21ms, 554B)
[2026-06-10T11:14:19.314Z] GET https://www.gstatic.com/recaptcha/api2/info_2x.png → 200 (19ms, 689B)
[2026-06-10T11:14:19.314Z] GET https://www.google.com/recaptcha/api2/payload?p=06AFcWeA7qOrZB0cuHkZMv7UBmyPVPVVQqxiNC2uLhU9Qqagr_-mCPKsqNn0Y3sbqF0DiaTVaR34aA5bZ77GQsTrX0LuYkzkbBwQvSh2HuLIildWaUr5glxKC4Fu3CDf4uxIi2koaz__GadCVgGF0IjclHj02HiqYqvJHpTg-ts-JuZo8T9pFJmUZIhyf-i8_gJt34J9Brw0LRY_T8DBhxuoF9JefEraC_dg&k=6Lc6UMYZAAAAAEqzsLtFKj45vplVp810lQfJp-g5 → pending (?ms, ?B)
[2026-06-10T11:14:19.356Z] GET https://fonts.googleapis.com/css2?family=Inter:wght@100;200;300;400;500;600;700;800;900&display=swap → 200 (38ms, 1079B)
[2026-06-10T11:14:19.374Z] GET https://www.googletagmanager.com/a?id=GTM-P3N6KG&v=3&t=t&pid=1730208807&gtm=45He6690h2v71592512za200zd71592512&cv=29&rv=6690&tc=20&x=2&tag_exp=0~115938466~115938469&es=1&e=gtm.load&eid=13&u=AgAAAIAIAAAAAACI&ut=AgAI&h=Ag&z=0 → 200 (35ms, 11B)
[2026-06-10T11:14:19.856Z] POST https://b.clarity.ms/collect → 204 (94ms, ?B)
[2026-06-10T11:14:23.447Z] POST https://region1.google-analytics.com/g/collect?v=2&tid=G-HCKRM5BB6C&gtm=45je6690h2v881373900za20gzb71592512zd71592512&_p=1781090058060&gcs=G100&gcd=13p3p3p2p5l1&npa=1&dma_cps=-&dma=1&gdid=dMWZhNz&_eu=AEAAAGAC&ae=a&are=1&cid=677295426.1781090058&frm=0&pscdl=denied&rcb=7&sr=1280x720&uaa=arm&uab=64&uafvl=Not%253AA-Brand%3B99.0.0.0%7CHeadlessChrome%3B145.0.7632.6%7CChromium%3B145.0.7632.6&uam=&uamb=0&uap=macOS&uapv=15.6.1&uaw=0&ul=en-us&gaf=2&_s=3&tag_exp=0~115938466~115938468&sid=1781090058&sct=1&seg=0&dl=https%3A%2F%2Fremax.pt%2Fpt%2Fimoveis%2Fvenda-trespasse-toeiras-oeiras-e-sao-juliao-da-barra-paco-de-arcos-e-caxias%2F123441344-45&dt=Trespasse%20%C3%A0%20venda%20em%20Oeiras%20e%20S%C3%A3o%20Juli%C3%A3o%20da%20Barra%2C%20Pa%C3%A7o%20de%20Arcos%20e%20Caxias%2C%20Oeiras%20%7C%20RE%2FMAX%20Portugal&_tu=CA&en=scroll&epn.percent_scrolled=90&_et=2&tfd=5502 → 204 (39ms, ?B)
[2026-06-10T11:15:20.856Z] POST https://b.clarity.ms/collect → 204 (274ms, ?B)
[2026-06-10T11:16:21.863Z] POST https://b.clarity.ms/collect → 204 (276ms, ?B)
[2026-06-10T11:17:22.863Z] POST https://b.clarity.ms/collect → 204 (279ms, ?B)
[2026-06-10T11:18:23.873Z] POST https://b.clarity.ms/collect → 204 (289ms, ?B)
